[11:25:52.563]  WEBHOOK_ARRIVED                   sid='1356'  text='Hello'
[11:25:52.567]  SESSION_REDIS_MISS                load_ms=1
[11:25:53.238]  SESSION_DB_MISS                   load_ms=670
[11:25:53.240]  LOCK_ACQUIRED                     
[11:25:53.323]  TURN_QUEUED                       sid='1356'  state='INIT'  backlog=0  ack_ms=760
[11:25:53.339]  TURN_START                        text='Hello'
[11:25:53.357]  SESSION_REDIS_MISS                load_ms=17
[11:25:53.574]  WEBHOOK_ARRIVED                   sid='1357'  text='Hello'
[11:25:53.587]  SESSION_REDIS_MISS                load_ms=1
[11:25:54.316]  SESSION_DB_MISS                   load_ms=959
[11:25:55.279]  SESSION_DB_MISS                   load_ms=1691
[11:25:55.586]  LOCK_BUSY                         
[11:26:01.048]  FSM_HANDLED                       pre_state='INIT'  post_state='INIT'  fsm_ms=6731  reply='Welcome to Dr. Sanjay Vinayak clinic, Ghrdftufg. How can I help you today? Pleas'
[11:26:01.052]  SESSION_REDIS_SAVED               save_ms=2
[11:26:01.900]  TURN_END                          total_ms=8560  save_ms=850  post_state='INIT'
[11:26:02.838]  BOT_REPLY_SENT                    send_ms=939  reply='Welcome to Dr. Sanjay Vinayak clinic, Ghrdftufg. How can I help you today? Pleas'
[11:26:08.593]  WEBHOOK_ARRIVED                   sid='1359'  text='2'
[11:26:08.595]  SESSION_REDIS_HIT                 load_ms=0
[11:26:08.596]  LOCK_ACQUIRED                     
[11:26:08.602]  TURN_QUEUED                       sid='1359'  state='INIT'  backlog=0  ack_ms=9
[11:26:08.606]  TURN_START                        text='2'
[11:26:08.607]  SESSION_REDIS_HIT                 load_ms=0
[11:26:09.692]  FSM_HANDLED                       pre_state='INIT'  post_state='ASK_AVAILABILITY_DATE'  fsm_ms=1083  reply='Please choose a date to check availability: 1. Today (2026-03-11) 2. Tomorrow (2'
[11:26:09.955]  SESSION_REDIS_SAVED               save_ms=191
[11:26:10.942]  TURN_END                          total_ms=2335  save_ms=1178  post_state='ASK_AVAILABILITY_DATE'
[11:26:12.075]  BOT_REPLY_SENT                    send_ms=1132  reply='Please choose a date to check availability: 1. Today (2026-03-11) 2. Tomorrow (2'
[11:26:17.074]  WEBHOOK_ARRIVED                   sid='1361'  text='1'
[11:26:17.078]  SESSION_REDIS_HIT                 load_ms=0
[11:26:17.078]  LOCK_ACQUIRED                     
[11:26:17.085]  TURN_QUEUED                       sid='1361'  state='ASK_AVAILABILITY_DATE'  backlog=0  ack_ms=11
[11:26:17.098]  TURN_START                        text='1'
[11:26:17.099]  SESSION_REDIS_HIT                 load_ms=0
[11:26:26.086]  SESSION_REDIS_HIT                 load_ms=1
[11:26:27.492]  FSM_HANDLED                       pre_state='ASK_AVAILABILITY_DATE'  post_state='ASK_AVAILABILITY_DETAILS'  fsm_ms=10392  reply='No slots available on 2026-03-11. Next available dates: - Aditya: 2026-03-12 - H'
[11:26:27.493]  SESSION_REDIS_SAVED               save_ms=0
[11:26:28.074]  TURN_END                          total_ms=10975  save_ms=582  post_state='ASK_AVAILABILITY_DETAILS'
[11:26:28.091]  BOT_REPLY_SENT                    send_ms=2004  reply='We are facing a delay while processing your request. Please wait, we will respon'
[11:26:29.290]  BOT_REPLY_SENT                    send_ms=1214  reply='No slots available on 2026-03-11. Next available dates: - Aditya: 2026-03-12 - H'
[11:26:42.724]  WEBHOOK_ARRIVED                   sid='1364'  text='1'
[11:26:42.790]  SESSION_REDIS_HIT                 load_ms=0
[11:26:42.791]  LOCK_ACQUIRED                     
[11:26:42.797]  TURN_QUEUED                       sid='1364'  state='ASK_AVAILABILITY_DETAILS'  backlog=0  ack_ms=72
[11:26:42.800]  TURN_START                        text='1'
[11:26:42.801]  SESSION_REDIS_HIT                 load_ms=0
[11:26:43.461]  FSM_HANDLED                       pre_state='ASK_AVAILABILITY_DETAILS'  post_state='ASK_BOOKING_FOR'  fsm_ms=659  reply='Sure, I can help you book an appointment. Who is this appointment for? 1. Self 2'
[11:26:43.462]  SESSION_REDIS_SAVED               save_ms=0
[11:26:44.282]  TURN_END                          total_ms=1482  save_ms=821  post_state='ASK_BOOKING_FOR'
[11:26:45.330]  BOT_REPLY_SENT                    send_ms=1046  reply='Sure, I can help you book an appointment. Who is this appointment for? 1. Self 2'
[11:27:09.808]  WEBHOOK_ARRIVED                   sid='1366'  text='1'
[11:27:09.811]  SESSION_REDIS_HIT                 load_ms=0
[11:27:09.812]  LOCK_ACQUIRED                     
[11:27:09.818]  TURN_QUEUED                       sid='1366'  state='ASK_BOOKING_FOR'  backlog=0  ack_ms=11
[11:27:09.838]  TURN_START                        text='1'
[11:27:09.839]  SESSION_REDIS_HIT                 load_ms=1
[11:27:10.400]  FSM_HANDLED                       pre_state='ASK_BOOKING_FOR'  post_state='ASK_CLINIC'  fsm_ms=561  reply='Noted. Booking for self. Thank you, Ghrdftufg. Contact number noted: 8976547689.'
[11:27:10.402]  SESSION_REDIS_SAVED               save_ms=0
[11:27:11.439]  TURN_END                          total_ms=1600  save_ms=1038  post_state='ASK_CLINIC'
[11:27:12.653]  BOT_REPLY_SENT                    send_ms=1088  reply='Noted. Booking for self. Thank you, Ghrdftufg. Contact number noted: 8976547689.'
[11:27:22.849]  WEBHOOK_ARRIVED                   sid='1368'  text='1'
[11:27:22.851]  SESSION_REDIS_HIT                 load_ms=0
[11:27:22.852]  LOCK_ACQUIRED                     
[11:27:22.858]  TURN_QUEUED                       sid='1368'  state='ASK_CLINIC'  backlog=0  ack_ms=9
[11:27:22.859]  TURN_START                        text='1'
[11:27:22.860]  SESSION_REDIS_HIT                 load_ms=0
[11:27:22.867]  FSM_HANDLED                       pre_state='ASK_CLINIC'  post_state='ASK_DATE'  fsm_ms=5  reply='Please choose appointment date: 1. Tomorrow (2026-03-12) Press "0" to go back. R'
[11:27:22.868]  SESSION_REDIS_SAVED               save_ms=0
[11:27:23.949]  TURN_END                          total_ms=1089  save_ms=1082  post_state='ASK_DATE'
[11:27:24.927]  BOT_REPLY_SENT                    send_ms=976  reply='Please choose appointment date: 1. Tomorrow (2026-03-12) Press "0" to go back. R'
[11:27:27.844]  WEBHOOK_ARRIVED                   sid='1370'  text='1'
[11:27:27.847]  SESSION_REDIS_HIT                 load_ms=0
[11:27:27.847]  LOCK_ACQUIRED                     
[11:27:27.852]  TURN_QUEUED                       sid='1370'  state='ASK_DATE'  backlog=0  ack_ms=8
[11:27:27.864]  TURN_START                        text='1'
[11:27:27.865]  SESSION_REDIS_HIT                 load_ms=0
[11:27:27.867]  FSM_HANDLED                       pre_state='ASK_DATE'  post_state='ASK_TIME'  fsm_ms=2  reply='Date noted: 2026-03-12. Please choose preferred time period: 1. Morning 2. After'
[11:27:27.871]  SESSION_REDIS_SAVED               save_ms=3
[11:27:28.591]  TURN_END                          total_ms=726  save_ms=723  post_state='ASK_TIME'
[11:27:29.935]  BOT_REPLY_SENT                    send_ms=1280  reply='Date noted: 2026-03-12. Please choose preferred time period: 1. Morning 2. After'
[11:27:32.773]  WEBHOOK_ARRIVED                   sid='1372'  text='2'
[11:27:32.907]  SESSION_REDIS_HIT                 load_ms=0
[11:27:32.908]  LOCK_ACQUIRED                     
[11:27:32.917]  TURN_QUEUED                       sid='1372'  state='ASK_TIME'  backlog=0  ack_ms=144
[11:27:32.922]  TURN_START                        text='2'
[11:27:32.923]  SESSION_REDIS_HIT                 load_ms=0
[11:27:32.925]  FSM_HANDLED                       pre_state='ASK_TIME'  post_state='CONFIRM'  fsm_ms=1  reply='Time noted: 02:00 AM. Please confirm your appointment details: Name: Ghrdftufg C'
[11:27:32.926]  SESSION_REDIS_SAVED               save_ms=0
[11:27:33.475]  TURN_END                          total_ms=552  save_ms=550  post_state='CONFIRM'
[11:27:34.662]  BOT_REPLY_SENT                    send_ms=1186  reply='Time noted: 02:00 AM. Please confirm your appointment details: Name: Ghrdftufg C'
[11:27:57.075]  WEBHOOK_ARRIVED                   sid='1374'  text='2'
[11:27:57.084]  SESSION_REDIS_HIT                 load_ms=0
[11:27:57.085]  LOCK_ACQUIRED                     
[11:27:57.123]  TURN_QUEUED                       sid='1374'  state='CONFIRM'  backlog=0  ack_ms=48
[11:27:57.139]  TURN_START                        text='2'
[11:27:57.140]  SESSION_REDIS_HIT                 load_ms=0
[11:27:57.141]  FSM_HANDLED                       pre_state='CONFIRM'  post_state='ASK_CHANGE_FIELD'  fsm_ms=0  reply='No problem. Which detail do you want to change? 1. Name 2. Contact number 3. Cli'
[11:27:57.143]  SESSION_REDIS_SAVED               save_ms=1
[11:27:58.154]  TURN_END                          total_ms=1014  save_ms=1012  post_state='ASK_CHANGE_FIELD'
[11:27:59.101]  BOT_REPLY_SENT                    send_ms=891  reply='No problem. Which detail do you want to change? 1. Name 2. Contact number 3. Cli'
[11:28:31.899]  WEBHOOK_ARRIVED                   sid='1376'  text='0'
[11:28:31.902]  SESSION_REDIS_HIT                 load_ms=0
[11:28:31.903]  LOCK_ACQUIRED                     
[11:28:31.908]  TURN_QUEUED                       sid='1376'  state='ASK_CHANGE_FIELD'  backlog=0  ack_ms=9
[11:28:31.920]  TURN_START                        text='0'
[11:28:31.921]  SESSION_REDIS_HIT                 load_ms=1
[11:28:31.922]  FSM_HANDLED                       pre_state='ASK_CHANGE_FIELD'  post_state='CONFIRM'  fsm_ms=0  reply='Please confirm your appointment details: Name: Ghrdftufg Contact: 8976547689 Cli'
[11:28:31.923]  SESSION_REDIS_SAVED               save_ms=0
[11:28:32.764]  TURN_END                          total_ms=844  save_ms=842  post_state='CONFIRM'
[11:28:34.018]  BOT_REPLY_SENT                    send_ms=1252  reply='Please confirm your appointment details: Name: Ghrdftufg Contact: 8976547689 Cli'
[11:28:40.026]  WEBHOOK_ARRIVED                   sid='1378'  text='1'
[11:28:40.029]  SESSION_REDIS_HIT                 load_ms=0
[11:28:40.029]  LOCK_ACQUIRED                     
[11:28:40.036]  TURN_QUEUED                       sid='1378'  state='CONFIRM'  backlog=0  ack_ms=10
[11:28:40.051]  TURN_START                        text='1'
[11:28:40.053]  SESSION_REDIS_HIT                 load_ms=0
[11:28:42.453]  FSM_HANDLED                       pre_state='CONFIRM'  post_state='COMPLETED'  fsm_ms=2399  reply='Appointment booked successfully. *Patient ID:* 5  Name: Ghrdftufg Contact: 89765'
[11:28:42.455]  SESSION_REDIS_SAVED               save_ms=1
[11:28:43.439]  TURN_END                          total_ms=3386  save_ms=985  post_state='COMPLETED'
[11:28:44.847]  BOT_REPLY_SENT                    send_ms=1270  reply='Appointment booked successfully. *Patient ID:* 5  Name: Ghrdftufg Contact: 89765'
[13:44:15.976]  WEBHOOK_ARRIVED                   sid='1380'  text='Hello'
[13:44:15.980]  SESSION_REDIS_MISS                load_ms=1
[13:44:17.156]  SESSION_DB_MISS                   load_ms=1175
[13:44:17.595]  LOCK_ACQUIRED                     
[13:44:17.826]  TURN_QUEUED                       sid='1380'  state='INIT'  backlog=0  ack_ms=1850
[13:44:17.864]  TURN_START                        text='Hello'
[13:44:17.865]  SESSION_REDIS_MISS                load_ms=0
[13:44:18.503]  SESSION_DB_MISS                   load_ms=638
[13:44:25.002]  FSM_HANDLED                       pre_state='INIT'  post_state='ASK_EXISTING_BOOKING_ACTION'  fsm_ms=6498  reply='You already have a booked appointment: Booking Number: 5 Clinic: Aditya Date: 20'
[13:44:25.004]  SESSION_REDIS_SAVED               save_ms=1
[13:44:26.042]  TURN_END                          total_ms=8178  save_ms=1040  post_state='ASK_EXISTING_BOOKING_ACTION'
[13:44:27.282]  BOT_REPLY_SENT                    send_ms=1239  reply='You already have a booked appointment: Booking Number: 5 Clinic: Aditya Date: 20'
[14:48:57.390]  WEBHOOK_ARRIVED                   sid='1382'  text='Hello'
[14:48:57.468]  SESSION_REDIS_MISS                load_ms=0
[14:48:58.586]  SESSION_DB_MISS                   load_ms=1118
[14:48:58.587]  LOCK_ACQUIRED                     
[14:48:58.691]  TURN_QUEUED                       sid='1382'  state='INIT'  backlog=0  ack_ms=1301
[14:48:58.751]  TURN_START                        text='Hello'
[14:48:58.752]  SESSION_REDIS_MISS                load_ms=0
[14:48:59.462]  SESSION_DB_MISS                   load_ms=710
[14:49:04.579]  FSM_HANDLED                       pre_state='INIT'  post_state='ASK_EXISTING_BOOKING_ACTION'  fsm_ms=5115  reply='You already have a booked appointment: Booking Number: 5 Clinic: Health Plus Cli'
[14:49:04.730]  SESSION_REDIS_SAVED               save_ms=2
[14:49:05.580]  TURN_END                          total_ms=6829  save_ms=853  post_state='ASK_EXISTING_BOOKING_ACTION'
[14:49:06.708]  BOT_REPLY_SENT                    send_ms=1126  reply='You already have a booked appointment: Booking Number: 5 Clinic: Health Plus Cli'
[14:49:09.115]  WEBHOOK_ARRIVED                   sid='1384'  text='2'
[14:49:09.131]  SESSION_REDIS_HIT                 load_ms=0
[14:49:09.132]  LOCK_ACQUIRED                     
[14:49:09.138]  TURN_QUEUED                       sid='1384'  state='ASK_EXISTING_BOOKING_ACTION'  backlog=0  ack_ms=22
[14:49:09.293]  TURN_START                        text='2'
[14:49:09.295]  SESSION_REDIS_HIT                 load_ms=1
[14:49:10.285]  FSM_HANDLED                       pre_state='ASK_EXISTING_BOOKING_ACTION'  post_state='ASK_EXISTING_BOOKING_PICK'  fsm_ms=990  reply='Please choose which booking you want to modify: 1. Health Plus Clinic | 2026-03-'
[14:49:10.358]  SESSION_REDIS_SAVED               save_ms=5
[14:49:11.288]  TURN_END                          total_ms=1994  save_ms=934  post_state='ASK_EXISTING_BOOKING_PICK'
[14:49:12.546]  BOT_REPLY_SENT                    send_ms=1257  reply='Please choose which booking you want to modify: 1. Health Plus Clinic | 2026-03-'
[14:49:16.078]  WEBHOOK_ARRIVED                   sid='1386'  text='1'
[14:49:16.081]  SESSION_REDIS_HIT                 load_ms=0
[14:49:16.082]  LOCK_ACQUIRED                     
[14:49:16.090]  TURN_QUEUED                       sid='1386'  state='ASK_EXISTING_BOOKING_PICK'  backlog=1  ack_ms=11
[14:49:16.101]  TURN_START                        text='1'
[14:49:16.102]  SESSION_REDIS_HIT                 load_ms=0
[14:49:18.186]  FSM_HANDLED                       pre_state='ASK_EXISTING_BOOKING_PICK'  post_state='COMPLETED'  fsm_ms=2083  reply='Done. Your appointment has been cancelled.'
[14:49:18.187]  SESSION_REDIS_SAVED               save_ms=0
[14:49:19.221]  TURN_END                          total_ms=3120  save_ms=1035  post_state='COMPLETED'
[14:49:20.922]  BOT_REPLY_SENT                    send_ms=1700  reply='Done. Your appointment has been cancelled.'
[14:49:30.842]  WEBHOOK_ARRIVED                   sid='1388'  text='Hello'
[14:49:30.845]  SESSION_REDIS_HIT                 load_ms=0
[14:49:30.846]  LOCK_ACQUIRED                     
[14:49:30.852]  TURN_QUEUED                       sid='1388'  state='COMPLETED'  backlog=0  ack_ms=9
[14:49:30.868]  TURN_START                        text='Hello'
[14:49:30.869]  SESSION_REDIS_HIT                 load_ms=1
[14:49:32.036]  FSM_HANDLED                       pre_state='COMPLETED'  post_state='ASK_EXISTING_BOOKING_ACTION'  fsm_ms=1166  reply='You already have a booked appointment: Booking Number: 5 Clinic: Health Plus Cli'
[14:49:32.146]  SESSION_REDIS_SAVED               save_ms=1
[14:49:32.950]  TURN_END                          total_ms=2081  save_ms=804  post_state='ASK_EXISTING_BOOKING_ACTION'
[14:49:34.046]  BOT_REPLY_SENT                    send_ms=1095  reply='You already have a booked appointment: Booking Number: 5 Clinic: Health Plus Cli'
[14:49:38.629]  WEBHOOK_ARRIVED                   sid='1390'  text='2'
[14:49:38.634]  SESSION_REDIS_HIT                 load_ms=0
[14:49:38.634]  LOCK_ACQUIRED                     
[14:49:38.643]  TURN_QUEUED                       sid='1390'  state='ASK_EXISTING_BOOKING_ACTION'  backlog=1  ack_ms=13
[14:49:38.650]  TURN_START                        text='2'
[14:49:38.651]  SESSION_REDIS_HIT                 load_ms=0
[14:49:39.763]  FSM_HANDLED                       pre_state='ASK_EXISTING_BOOKING_ACTION'  post_state='ASK_EXISTING_BOOKING_PICK'  fsm_ms=1112  reply='Please choose which booking you want to modify: 1. Health Plus Clinic | 2026-03-'
[14:49:39.766]  SESSION_REDIS_SAVED               save_ms=2
[14:49:40.543]  TURN_END                          total_ms=1893  save_ms=780  post_state='ASK_EXISTING_BOOKING_PICK'
[14:49:41.912]  BOT_REPLY_SENT                    send_ms=1368  reply='Please choose which booking you want to modify: 1. Health Plus Clinic | 2026-03-'
[14:49:54.637]  WEBHOOK_ARRIVED                   sid='1392'  text='1'
[14:49:54.640]  SESSION_REDIS_HIT                 load_ms=1
[14:49:54.641]  LOCK_ACQUIRED                     
[14:49:54.667]  TURN_QUEUED                       sid='1392'  state='ASK_EXISTING_BOOKING_PICK'  backlog=0  ack_ms=30
[14:49:54.673]  TURN_START                        text='1'
[14:49:54.673]  SESSION_REDIS_HIT                 load_ms=0
[14:49:56.232]  FSM_HANDLED                       pre_state='ASK_EXISTING_BOOKING_PICK'  post_state='COMPLETED'  fsm_ms=1558  reply='Done. Your appointment has been cancelled.'
[14:49:56.411]  SESSION_REDIS_SAVED               save_ms=1
[14:49:57.479]  TURN_END                          total_ms=2805  save_ms=1069  post_state='COMPLETED'
[14:49:59.319]  BOT_REPLY_SENT                    send_ms=1775  reply='Done. Your appointment has been cancelled.'
[14:50:04.560]  WEBHOOK_ARRIVED                   sid='1394'  text='Hello'
[14:50:04.562]  SESSION_REDIS_HIT                 load_ms=0
[14:50:04.563]  LOCK_ACQUIRED                     
[14:50:04.819]  TURN_QUEUED                       sid='1394'  state='COMPLETED'  backlog=0  ack_ms=258
[14:50:04.830]  TURN_START                        text='Hello'
[14:50:04.833]  SESSION_REDIS_HIT                 load_ms=2
[14:50:05.797]  FSM_HANDLED                       pre_state='COMPLETED'  post_state='ASK_EXISTING_BOOKING_ACTION'  fsm_ms=964  reply='You already have a booked appointment: Booking Number: 5 Clinic: Aditya Date: 20'
[14:50:05.799]  SESSION_REDIS_SAVED               save_ms=2
[14:50:06.512]  TURN_END                          total_ms=1681  save_ms=714  post_state='ASK_EXISTING_BOOKING_ACTION'
[14:50:07.563]  BOT_REPLY_SENT                    send_ms=1050  reply='You already have a booked appointment: Booking Number: 5 Clinic: Aditya Date: 20'
[14:50:13.375]  WEBHOOK_ARRIVED                   sid='1396'  text='2'
[14:50:13.378]  SESSION_REDIS_HIT                 load_ms=0
[14:50:13.379]  LOCK_ACQUIRED                     
[14:50:13.388]  TURN_QUEUED                       sid='1396'  state='ASK_EXISTING_BOOKING_ACTION'  backlog=0  ack_ms=12
[14:50:13.395]  TURN_START                        text='2'
[14:50:13.395]  SESSION_REDIS_HIT                 load_ms=0
[14:50:15.552]  FSM_HANDLED                       pre_state='ASK_EXISTING_BOOKING_ACTION'  post_state='COMPLETED'  fsm_ms=2156  reply='Done. Your appointment has been cancelled.'
[14:50:15.553]  SESSION_REDIS_SAVED               save_ms=1
[14:50:16.413]  TURN_END                          total_ms=3018  save_ms=860  post_state='COMPLETED'
[14:50:17.483]  BOT_REPLY_SENT                    send_ms=1069  reply='Done. Your appointment has been cancelled.'
[14:50:20.657]  WEBHOOK_ARRIVED                   sid='1398'  text='Hello'
[14:50:20.659]  SESSION_REDIS_HIT                 load_ms=0
[14:50:20.660]  LOCK_ACQUIRED                     
[14:50:20.666]  TURN_QUEUED                       sid='1398'  state='COMPLETED'  backlog=0  ack_ms=9
[14:50:20.673]  TURN_START                        text='Hello'
[14:50:20.674]  SESSION_REDIS_HIT                 load_ms=0
[14:50:22.127]  FSM_HANDLED                       pre_state='COMPLETED'  post_state='INIT'  fsm_ms=1452  reply='Welcome to Dr. Sanjay Vinayak clinic. How can I help you today? Please choose on'
[14:50:22.128]  SESSION_REDIS_SAVED               save_ms=0
[14:50:23.346]  TURN_END                          total_ms=2673  save_ms=1219  post_state='INIT'
[14:50:24.478]  BOT_REPLY_SENT                    send_ms=1130  reply='Welcome to Dr. Sanjay Vinayak clinic. How can I help you today? Please choose on'
[15:52:56.141]  WEBHOOK_ARRIVED                   sid='1400'  text='Helllo'
[15:52:56.146]  SESSION_REDIS_MISS                load_ms=1
[15:52:56.707]  SESSION_DB_MISS                   load_ms=560
[15:52:56.708]  LOCK_ACQUIRED                     
[15:52:56.721]  TURN_QUEUED                       sid='1400'  state='INIT'  backlog=0  ack_ms=580
[15:52:56.741]  TURN_START                        text='Helllo'
[15:52:56.742]  SESSION_REDIS_MISS                load_ms=0
[15:52:57.783]  SESSION_DB_MISS                   load_ms=1041
[15:53:11.050]  SESSION_REDIS_MISS                load_ms=5483
[15:53:12.014]  SESSION_DB_MISS                   load_ms=963
[15:53:13.198]  BOT_REPLY_SENT                    send_ms=1046  reply='We are facing a delay while processing your request. Please wait, we will respon'
[15:53:53.365]  FSM_HANDLED                       pre_state='INIT'  post_state='INIT'  fsm_ms=55581  reply='Please choose one option: 1. Book appointment 2. Check doctor availability Reply'
[15:53:53.368]  SESSION_REDIS_SAVED               save_ms=1
[15:53:54.147]  TURN_END                          total_ms=57405  save_ms=781  post_state='INIT'
[15:53:55.425]  BOT_REPLY_SENT                    send_ms=1278  reply='Please choose one option: 1. Book appointment 2. Check doctor availability Reply'
[15:54:12.600]  WEBHOOK_ARRIVED                   sid='1403'  text='1'
[15:54:12.602]  SESSION_REDIS_HIT                 load_ms=0
[15:54:12.603]  LOCK_ACQUIRED                     
[15:54:12.609]  TURN_QUEUED                       sid='1403'  state='INIT'  backlog=0  ack_ms=9
[15:54:12.620]  TURN_START                        text='1'
[15:54:12.622]  SESSION_REDIS_HIT                 load_ms=1
[15:54:13.418]  FSM_HANDLED                       pre_state='INIT'  post_state='ASK_EXISTING_BOOKING_ACTION'  fsm_ms=796  reply='You already have a booked appointment: Booking Number: 5 Clinic: Health Plus Cli'
[15:54:13.419]  SESSION_REDIS_SAVED               save_ms=0
[15:54:14.233]  TURN_END                          total_ms=1613  save_ms=815  post_state='ASK_EXISTING_BOOKING_ACTION'
[15:54:15.636]  BOT_REPLY_SENT                    send_ms=1250  reply='You already have a booked appointment: Booking Number: 5 Clinic: Health Plus Cli'
[16:32:07.253]  WEBHOOK_ARRIVED                   sid='1405'  text='Mero ko appointment Book karna hai'
[16:32:07.257]  SESSION_REDIS_MISS                load_ms=0
[16:32:08.022]  SESSION_DB_MISS                   load_ms=764
[16:32:08.195]  LOCK_ACQUIRED                     
[16:32:08.204]  TURN_QUEUED                       sid='1405'  state='INIT'  backlog=1  ack_ms=951
[16:32:08.205]  TURN_START                        text='Mero ko appointment Book karna hai'
[16:32:08.206]  SESSION_REDIS_MISS                load_ms=0
[16:32:09.360]  SESSION_DB_MISS                   load_ms=1154
[16:32:17.271]  SESSION_REDIS_MISS                load_ms=5
[16:32:18.388]  SESSION_DB_MISS                   load_ms=1116
[16:32:19.591]  BOT_REPLY_SENT                    send_ms=1127  reply='We are facing a delay while processing your request. Please wait, we will respon'
[16:32:36.438]  FSM_HANDLED                       pre_state='INIT'  post_state='ASK_EXISTING_BOOKING_ACTION'  fsm_ms=27077  reply='Booking Number: 5 Clinic: Health Plus Clinic Date: 2026-03-13 Time: 02:30 PM Ple'
[16:32:36.440]  SESSION_REDIS_SAVED               save_ms=1
[16:32:37.305]  TURN_END                          total_ms=29100  save_ms=867  post_state='ASK_EXISTING_BOOKING_ACTION'
[16:32:38.522]  BOT_REPLY_SENT                    send_ms=1216  reply='Booking Number: 5 Clinic: Health Plus Clinic Date: 2026-03-13 Time: 02:30 PM Ple'
[16:52:02.967]  WEBHOOK_ARRIVED                   sid='1408'  text='Mero ko appointment book karna hai'
[16:52:02.971]  SESSION_REDIS_MISS                load_ms=1
[16:52:03.805]  SESSION_DB_MISS                   load_ms=833
[16:52:03.826]  LOCK_ACQUIRED                     
[16:52:04.008]  TURN_QUEUED                       sid='1408'  state='INIT'  backlog=0  ack_ms=1041
[16:52:04.107]  TURN_START                        text='Mero ko appointment book karna hai'
[16:52:04.232]  SESSION_REDIS_MISS                load_ms=124
[16:52:05.089]  SESSION_DB_MISS                   load_ms=856
[16:52:13.930]  SESSION_REDIS_MISS                load_ms=473
[16:52:14.556]  SESSION_DB_MISS                   load_ms=625
[16:52:15.695]  BOT_REPLY_SENT                    send_ms=1139  reply='We are facing a delay while processing your request. Please wait, we will respon'
[16:52:36.562]  FSM_HANDLED                       pre_state='INIT'  post_state='ASK_EXISTING_BOOKING_ACTION'  fsm_ms=31473  reply='Aapki ek booked appointment pehle se maujood hai: Patient ID: 5 Clinic: Health P'
[16:52:36.606]  SESSION_REDIS_SAVED               save_ms=1
[16:52:37.649]  TURN_END                          total_ms=33542  save_ms=1044  post_state='ASK_EXISTING_BOOKING_ACTION'
[16:52:39.274]  BOT_REPLY_SENT                    send_ms=1624  reply='Aapki ek booked appointment pehle se maujood hai: Patient ID: 5 Clinic: Health P'
[17:23:22.060]  WEBHOOK_ARRIVED                   sid='1411'  text='Hello'
[17:23:22.062]  SESSION_REDIS_MISS                load_ms=0
[17:23:22.875]  SESSION_DB_MISS                   load_ms=812
[17:23:23.084]  LOCK_ACQUIRED                     
[17:23:23.406]  TURN_QUEUED                       sid='1411'  state='INIT'  backlog=0  ack_ms=1347
[17:23:23.446]  TURN_START                        text='Hello'
[17:23:23.447]  SESSION_REDIS_MISS                load_ms=0
[17:23:24.097]  SESSION_DB_MISS                   load_ms=650
[17:23:28.187]  FSM_HANDLED                       pre_state='INIT'  post_state='ASK_EXISTING_BOOKING_ACTION'  fsm_ms=4089  reply='You already have a booked appointment: Patient ID: 5 Clinic: Health Plus Clinic '
[17:23:28.188]  SESSION_REDIS_SAVED               save_ms=0
[17:23:29.120]  TURN_END                          total_ms=5674  save_ms=932  post_state='ASK_EXISTING_BOOKING_ACTION'
[17:23:42.067]  BOT_REPLY_SENT                    send_ms=12946  reply='You already have a booked appointment: Patient ID: 5 Clinic: Health Plus Clinic '
[18:01:43.135]  WEBHOOK_ARRIVED                   sid='1413'  text='Hello'
[18:01:43.147]  SESSION_REDIS_MISS                load_ms=1
[18:01:43.148]  LOCK_ACQUIRED                     
[18:01:43.182]  TURN_QUEUED                       sid='1413'  state='INIT'  backlog=0  ack_ms=46
[18:01:45.048]  TURN_START                        text='Hello'
[18:01:45.049]  SESSION_REDIS_MISS                load_ms=0
[18:01:45.855]  TURN_START                        text='Hello'
[18:01:45.856]  SESSION_REDIS_MISS                load_ms=0
[18:01:47.462]  TURN_START                        text='Hello'
[18:01:47.462]  SESSION_REDIS_MISS                load_ms=0
[18:02:23.434]  WEBHOOK_ARRIVED                   sid='1414'  text='Hello'
[18:02:23.441]  SESSION_REDIS_MISS                load_ms=0
[18:02:24.306]  SESSION_DB_MISS                   load_ms=865
[18:02:24.307]  LOCK_ACQUIRED                     
[18:02:24.564]  TURN_QUEUED                       sid='1414'  state='INIT'  backlog=0  ack_ms=1129
[18:02:24.629]  TURN_START                        text='Hello'
[18:02:24.630]  SESSION_REDIS_MISS                load_ms=0
[18:02:25.531]  SESSION_DB_MISS                   load_ms=900
[18:02:30.659]  FSM_HANDLED                       pre_state='INIT'  post_state='ASK_EXISTING_BOOKING_ACTION'  fsm_ms=5128  reply='You already have a booked appointment: Patient ID: 5 Clinic: Health Plus Clinic '
[18:02:30.661]  SESSION_REDIS_SAVED               save_ms=1
[18:02:31.534]  TURN_END                          total_ms=6905  save_ms=875  post_state='ASK_EXISTING_BOOKING_ACTION'
[18:02:32.810]  BOT_REPLY_SENT                    send_ms=1206  reply='You already have a booked appointment: Patient ID: 5 Clinic: Health Plus Clinic '
