[19:57:44.176]  WEBHOOK_ARRIVED                   sid='1416'  text='Hi'
[19:57:44.252]  SESSION_REDIS_MISS                load_ms=2
[19:57:45.240]  SESSION_DB_MISS                   load_ms=987
[19:57:45.312]  LOCK_ACQUIRED                     
[19:57:45.319]  TURN_QUEUED                       sid='1416'  state='INIT'  backlog=1  ack_ms=1142
[19:57:45.320]  TURN_START                        text='Hi'
[19:57:45.321]  SESSION_REDIS_MISS                load_ms=1
[19:57:46.373]  SESSION_DB_MISS                   load_ms=1051
[19:57:50.916]  FSM_HANDLED                       pre_state='INIT'  post_state='INIT'  fsm_ms=4542  reply='Welcome to Dr. Sanjay Vinayak clinic, Anant. How can I help you today? Please ch'
[19:57:50.919]  SESSION_REDIS_SAVED               save_ms=1
[19:57:51.671]  TURN_END                          total_ms=6351  save_ms=754  post_state='INIT'
[19:57:52.764]  BOT_REPLY_SENT                    send_ms=1092  reply='Welcome to Dr. Sanjay Vinayak clinic, Anant. How can I help you today? Please ch'
[19:58:24.852]  WEBHOOK_ARRIVED                   sid='1418'  text='2'
[19:58:24.857]  SESSION_REDIS_HIT                 load_ms=1
[19:58:24.859]  LOCK_ACQUIRED                     
[19:58:24.873]  TURN_QUEUED                       sid='1418'  state='INIT'  backlog=1  ack_ms=20
[19:58:24.891]  TURN_START                        text='2'
[19:58:24.894]  SESSION_REDIS_HIT                 load_ms=1
[19:58:25.901]  FSM_HANDLED                       pre_state='INIT'  post_state='ASK_AVAILABILITY_DATE'  fsm_ms=1005  reply='Please choose a date to check availability: 1. Today (2026-03-11) 2. Tomorrow (2'
[19:58:25.905]  SESSION_REDIS_SAVED               save_ms=2
[19:58:27.108]  TURN_END                          total_ms=2215  save_ms=1205  post_state='ASK_AVAILABILITY_DATE'
[19:58:28.158]  BOT_REPLY_SENT                    send_ms=994  reply='Please choose a date to check availability: 1. Today (2026-03-11) 2. Tomorrow (2'
[19:58:36.766]  WEBHOOK_ARRIVED                   sid='1420'  text='1'
[19:58:36.770]  SESSION_REDIS_HIT                 load_ms=0
[19:58:36.771]  LOCK_ACQUIRED                     
[19:58:36.781]  TURN_QUEUED                       sid='1420'  state='ASK_AVAILABILITY_DATE'  backlog=0  ack_ms=15
[19:58:36.796]  TURN_START                        text='1'
[19:58:36.798]  SESSION_REDIS_HIT                 load_ms=0
[19:58:45.883]  SESSION_REDIS_HIT                 load_ms=303
[19:58:47.684]  BOT_REPLY_SENT                    send_ms=1714  reply='We are facing a delay while processing your request. Please wait, we will respon'
[19:58:48.587]  FSM_HANDLED                       pre_state='ASK_AVAILABILITY_DATE'  post_state='ASK_AVAILABILITY_DETAILS'  fsm_ms=11789  reply='No slots available on 2026-03-11. Next available dates: - Aditya: 2026-03-12  1.'
[19:58:48.590]  SESSION_REDIS_SAVED               save_ms=1
[19:58:49.644]  TURN_END                          total_ms=12847  save_ms=1056  post_state='ASK_AVAILABILITY_DETAILS'
[19:58:51.061]  BOT_REPLY_SENT                    send_ms=1416  reply='No slots available on 2026-03-11. Next available dates: - Aditya: 2026-03-12  1.'
[19:59:06.733]  WEBHOOK_ARRIVED                   sid='1423'  text='1'
[19:59:06.963]  SESSION_REDIS_HIT                 load_ms=0
[19:59:06.964]  LOCK_ACQUIRED                     
[19:59:06.976]  TURN_QUEUED                       sid='1423'  state='ASK_AVAILABILITY_DETAILS'  backlog=0  ack_ms=243
[19:59:06.996]  TURN_START                        text='1'
[19:59:06.997]  SESSION_REDIS_HIT                 load_ms=1
[19:59:10.337]  FSM_HANDLED                       pre_state='ASK_AVAILABILITY_DETAILS'  post_state='ASK_BOOKING_FOR'  fsm_ms=3338  reply='Sure, I can help you book an appointment. Who is this appointment for? 1. Self 2'
[19:59:10.453]  SESSION_REDIS_SAVED               save_ms=3
[19:59:17.526]  TURN_END                          total_ms=10530  save_ms=7076  post_state='ASK_BOOKING_FOR'
[19:59:17.561]  SESSION_REDIS_HIT                 load_ms=34
[19:59:18.868]  BOT_REPLY_SENT                    send_ms=1341  reply='Sure, I can help you book an appointment. Who is this appointment for? 1. Self 2'
[19:59:19.054]  BOT_REPLY_SENT                    send_ms=1482  reply='We are facing a delay while processing your request. Please wait, we will respon'
[20:00:19.119]  WEBHOOK_ARRIVED                   sid='1426'  text='1'
[20:00:19.129]  SESSION_REDIS_HIT                 load_ms=0
[20:00:19.130]  LOCK_ACQUIRED                     
[20:00:19.146]  TURN_QUEUED                       sid='1426'  state='ASK_BOOKING_FOR'  backlog=1  ack_ms=27
[20:00:19.148]  TURN_START                        text='1'
[20:00:19.149]  SESSION_REDIS_HIT                 load_ms=0
[20:00:20.651]  FSM_HANDLED                       pre_state='ASK_BOOKING_FOR'  post_state='ASK_CLINIC'  fsm_ms=1501  reply='Noted. Booking for self. Thank you, Anant. Contact number noted: 6787872873. Ple'
[20:00:20.664]  SESSION_REDIS_SAVED               save_ms=0
[20:00:22.905]  TURN_END                          total_ms=3756  save_ms=2242  post_state='ASK_CLINIC'
[20:00:23.792]  BOT_REPLY_SENT                    send_ms=885  reply='Noted. Booking for self. Thank you, Anant. Contact number noted: 6787872873. Ple'
[20:00:33.363]  WEBHOOK_ARRIVED                   sid='1428'  text='1'
[20:00:33.368]  SESSION_REDIS_HIT                 load_ms=0
[20:00:33.368]  LOCK_ACQUIRED                     
[20:00:33.373]  TURN_QUEUED                       sid='1428'  state='ASK_CLINIC'  backlog=0  ack_ms=9
[20:00:33.376]  TURN_START                        text='1'
[20:00:33.377]  SESSION_REDIS_HIT                 load_ms=1
[20:00:33.383]  FSM_HANDLED                       pre_state='ASK_CLINIC'  post_state='ASK_DATE'  fsm_ms=5  reply='Please choose appointment date: 1. Tomorrow (2026-03-12) Press "0" to go back. R'
[20:00:33.385]  SESSION_REDIS_SAVED               save_ms=0
[20:00:34.253]  TURN_END                          total_ms=877  save_ms=869  post_state='ASK_DATE'
[20:00:36.064]  BOT_REPLY_SENT                    send_ms=1754  reply='Please choose appointment date: 1. Tomorrow (2026-03-12) Press "0" to go back. R'
[20:00:39.031]  WEBHOOK_ARRIVED                   sid='1430'  text='1'
[20:00:39.035]  SESSION_REDIS_HIT                 load_ms=0
[20:00:39.037]  LOCK_ACQUIRED                     
[20:00:39.045]  TURN_QUEUED                       sid='1430'  state='ASK_DATE'  backlog=0  ack_ms=13
[20:00:39.059]  TURN_START                        text='1'
[20:00:39.062]  SESSION_REDIS_HIT                 load_ms=1
[20:00:39.065]  FSM_HANDLED                       pre_state='ASK_DATE'  post_state='ASK_TIME'  fsm_ms=2  reply='Date noted: 2026-03-12. Please choose preferred time period: 1. Morning 2. After'
[20:00:39.066]  SESSION_REDIS_SAVED               save_ms=1
[20:00:40.351]  TURN_END                          total_ms=1290  save_ms=1286  post_state='ASK_TIME'
[20:00:41.473]  BOT_REPLY_SENT                    send_ms=1122  reply='Date noted: 2026-03-12. Please choose preferred time period: 1. Morning 2. After'
[20:00:44.034]  WEBHOOK_ARRIVED                   sid='1432'  text='1'
[20:00:44.038]  SESSION_REDIS_HIT                 load_ms=0
[20:00:44.039]  LOCK_ACQUIRED                     
[20:00:44.044]  TURN_QUEUED                       sid='1432'  state='ASK_TIME'  backlog=0  ack_ms=9
[20:00:44.059]  TURN_START                        text='1'
[20:00:44.059]  SESSION_REDIS_HIT                 load_ms=0
[20:00:44.061]  FSM_HANDLED                       pre_state='ASK_TIME'  post_state='CONFIRM'  fsm_ms=1  reply='Time noted: 01:00 AM. Please confirm your appointment details: Name: Anant Conta'
[20:00:44.062]  SESSION_REDIS_SAVED               save_ms=0
[20:00:44.924]  TURN_END                          total_ms=864  save_ms=862  post_state='CONFIRM'
[20:00:45.974]  BOT_REPLY_SENT                    send_ms=1050  reply='Time noted: 01:00 AM. Please confirm your appointment details: Name: Anant Conta'
[20:00:49.006]  WEBHOOK_ARRIVED                   sid='1434'  text='1'
[20:00:49.009]  SESSION_REDIS_HIT                 load_ms=0
[20:00:49.010]  LOCK_ACQUIRED                     
[20:00:49.016]  TURN_QUEUED                       sid='1434'  state='CONFIRM'  backlog=0  ack_ms=10
[20:00:49.042]  TURN_START                        text='1'
[20:00:49.043]  SESSION_REDIS_HIT                 load_ms=0
[20:00:51.687]  FSM_HANDLED                       pre_state='CONFIRM'  post_state='COMPLETED'  fsm_ms=2643  reply='Appointment booked successfully. *Patient ID:* 3  Name: Anant Contact: 678787287'
[20:00:51.691]  SESSION_REDIS_SAVED               save_ms=3
[20:00:52.778]  TURN_END                          total_ms=3735  save_ms=1091  post_state='COMPLETED'
[20:00:53.875]  BOT_REPLY_SENT                    send_ms=1096  reply='Appointment booked successfully. *Patient ID:* 3  Name: Anant Contact: 678787287'
[20:02:08.417]  WEBHOOK_ARRIVED                   sid='1436'  text='Hi'
[20:02:08.419]  SESSION_REDIS_HIT                 load_ms=0
[20:02:08.420]  LOCK_ACQUIRED                     
[20:02:08.425]  TURN_QUEUED                       sid='1436'  state='COMPLETED'  backlog=0  ack_ms=8
[20:02:08.435]  TURN_START                        text='Hi'
[20:02:08.436]  SESSION_REDIS_HIT                 load_ms=0
[20:02:09.890]  FSM_HANDLED                       pre_state='COMPLETED'  post_state='ASK_EXISTING_BOOKING_ACTION'  fsm_ms=1453  reply='You already have a booked appointment: Patient ID: 3 Clinic: Aditya Date: 2026-0'
[20:02:10.138]  SESSION_REDIS_SAVED               save_ms=248
[20:02:10.965]  TURN_END                          total_ms=2529  save_ms=1074  post_state='ASK_EXISTING_BOOKING_ACTION'
[20:02:11.922]  BOT_REPLY_SENT                    send_ms=957  reply='You already have a booked appointment: Patient ID: 3 Clinic: Aditya Date: 2026-0'
[20:03:14.566]  WEBHOOK_ARRIVED                   sid='1438'  text='नमस्कार।'
[20:03:14.568]  SESSION_REDIS_HIT                 load_ms=0
[20:03:14.568]  LOCK_ACQUIRED                     
[20:03:14.575]  TURN_QUEUED                       sid='1438'  state='ASK_EXISTING_BOOKING_ACTION'  backlog=1  ack_ms=9
[20:03:14.584]  TURN_START                        text='नमस्कार।'
[20:03:14.585]  SESSION_REDIS_HIT                 load_ms=0
[20:03:14.586]  FSM_HANDLED                       pre_state='ASK_EXISTING_BOOKING_ACTION'  post_state='ASK_EXISTING_BOOKING_ACTION'  fsm_ms=0  reply='Please choose again: 1. Keep existing appointment 2. Cancel appointment 3. Resch'
[20:03:14.587]  SESSION_REDIS_SAVED               save_ms=0
[20:03:16.351]  TURN_END                          total_ms=1766  save_ms=1764  post_state='ASK_EXISTING_BOOKING_ACTION'
[20:03:17.437]  BOT_REPLY_SENT                    send_ms=982  reply='Please choose again: 1. Keep existing appointment 2. Cancel appointment 3. Resch'
