[15:14:25.566]  WEBHOOK_ARRIVED                   sid='9001'  text='Hi'
[15:16:44.440]  WEBHOOK_ARRIVED                   sid='790402439'  text='Hi'
[15:16:44.441]  SESSION_REDIS_MISS                load_ms=0
[15:16:44.814]  SESSION_DB_MISS                   load_ms=373
[15:16:44.814]  LOCK_ACQUIRED                     
[15:16:44.814]  TURN_QUEUED                       sid='790402439'  state='INIT'  backlog=0  ack_ms=375
[15:18:38.866]  WEBHOOK_ARRIVED                   sid='790516896'  text='Hi'
[15:18:38.868]  SESSION_REDIS_MISS                load_ms=0
[15:18:39.261]  SESSION_DB_MISS                   load_ms=392
[15:18:39.294]  LOCK_ACQUIRED                     
[15:18:39.294]  TURN_QUEUED                       sid='790516896'  state='INIT'  backlog=0  ack_ms=427
[15:23:10.477]  WEBHOOK_ARRIVED                   sid='790788603'  text='Hi'
[15:23:10.478]  SESSION_REDIS_MISS                load_ms=0
[15:23:10.858]  SESSION_DB_MISS                   load_ms=378
[15:23:10.858]  LOCK_ACQUIRED                     
[15:23:10.858]  TURN_QUEUED                       sid='790788603'  state='INIT'  backlog=0  ack_ms=380
[15:26:27.460]  WEBHOOK_ARRIVED                   sid='790985470'  text='Hi'
[15:26:27.461]  SESSION_REDIS_MISS                load_ms=0
[15:26:27.880]  SESSION_DB_MISS                   load_ms=418
[15:26:27.880]  LOCK_ACQUIRED                     
[15:26:27.880]  TURN_QUEUED                       sid='790985470'  state='INIT'  backlog=0  ack_ms=420
[15:28:29.713]  WEBHOOK_ARRIVED                   sid='791107698'  text='Hi'
[15:28:29.714]  SESSION_REDIS_MISS                load_ms=0
[15:28:30.119]  SESSION_DB_MISS                   load_ms=404
[15:28:30.119]  LOCK_ACQUIRED                     
[15:28:30.119]  TURN_QUEUED                       sid='791107698'  state='INIT'  backlog=0  ack_ms=406
[15:33:21.829]  WEBHOOK_ARRIVED                   sid='791399864'  text='Hi'
[15:33:21.831]  SESSION_REDIS_MISS                load_ms=0
[15:33:22.239]  SESSION_DB_MISS                   load_ms=407
[15:33:22.239]  LOCK_ACQUIRED                     
[15:33:22.239]  TURN_QUEUED                       sid='791399864'  state='INIT'  backlog=0  ack_ms=410
[15:33:39.946]  WEBHOOK_ARRIVED                   sid='791417782'  text='Hi'
[15:33:39.948]  SESSION_REDIS_MISS                load_ms=0
[15:33:40.397]  SESSION_DB_MISS                   load_ms=449
[15:33:40.398]  LOCK_ACQUIRED                     
[15:33:40.398]  TURN_QUEUED                       sid='791417782'  state='INIT'  backlog=0  ack_ms=451
[15:51:34.651]  WEBHOOK_ARRIVED                   sid='792492593'  text='Hi'
[15:51:34.653]  SESSION_REDIS_MISS                load_ms=0
[15:51:35.241]  SESSION_DB_MISS                   load_ms=587
[15:51:35.241]  LOCK_ACQUIRED                     
[15:51:35.242]  TURN_QUEUED                       sid='792492593'  state='INIT'  backlog=0  ack_ms=590
[16:09:01.497]  WEBHOOK_ARRIVED                   sid='793539258'  text='Hi'
[16:09:01.499]  SESSION_REDIS_MISS                load_ms=0
[16:09:01.999]  SESSION_DB_MISS                   load_ms=500
[16:09:02.000]  LOCK_ACQUIRED                     
[16:09:02.000]  TURN_QUEUED                       sid='793539258'  state='INIT'  backlog=0  ack_ms=503
[16:12:14.010]  WEBHOOK_ARRIVED                   sid='793732026'  text='Hi'
[16:12:14.012]  SESSION_REDIS_MISS                load_ms=0
[16:12:14.378]  SESSION_DB_MISS                   load_ms=366
[16:12:14.378]  LOCK_ACQUIRED                     
[16:12:14.378]  TURN_QUEUED                       sid='793732026'  state='INIT'  backlog=0  ack_ms=368
[16:27:58.204]  WEBHOOK_ARRIVED                   sid='794676016'  text='Hi'
[16:27:58.205]  SESSION_REDIS_MISS                load_ms=0
[16:27:58.697]  SESSION_DB_MISS                   load_ms=492
[16:27:58.697]  LOCK_ACQUIRED                     
[16:27:58.697]  TURN_QUEUED                       sid='794676016'  state='INIT'  backlog=0  ack_ms=493
[16:29:24.755]  WEBHOOK_ARRIVED                   sid='794762725'  text='Hi'
[16:29:24.756]  SESSION_REDIS_MISS                load_ms=0
[16:29:25.191]  SESSION_DB_MISS                   load_ms=435
[16:29:25.192]  LOCK_ACQUIRED                     
[16:29:25.192]  TURN_QUEUED                       sid='794762725'  state='INIT'  backlog=0  ack_ms=437
[16:35:43.001]  WEBHOOK_ARRIVED                   sid='795140933'  text='Hi'
[16:35:43.003]  SESSION_REDIS_MISS                load_ms=0
[16:35:43.430]  SESSION_DB_MISS                   load_ms=426
[16:35:43.430]  LOCK_ACQUIRED                     
[16:35:43.430]  TURN_QUEUED                       sid='795140933'  state='INIT'  backlog=0  ack_ms=428
[16:56:23.126]  WEBHOOK_ARRIVED                   sid='796381090'  text='Hi'
[16:56:23.127]  SESSION_REDIS_MISS                load_ms=0
[16:56:23.650]  SESSION_DB_MISS                   load_ms=522
[16:56:23.650]  LOCK_ACQUIRED                     
[16:56:23.650]  TURN_QUEUED                       sid='796381090'  state='INIT'  backlog=0  ack_ms=523
[17:00:37.491]  WEBHOOK_ARRIVED                   sid='796635332'  text='Hi'
[17:00:37.493]  SESSION_REDIS_MISS                load_ms=0
[17:00:37.901]  SESSION_DB_MISS                   load_ms=407
[17:00:37.901]  LOCK_ACQUIRED                     
[17:00:37.901]  TURN_QUEUED                       sid='796635332'  state='INIT'  backlog=0  ack_ms=409
[18:33:19.287]  WEBHOOK_ARRIVED                   sid='802199209'  text='Hi'
[18:33:19.289]  SESSION_REDIS_MISS                load_ms=0
[18:33:19.291]  LOCK_ACQUIRED                     
[18:33:19.291]  TURN_QUEUED                       sid='802199209'  state='INIT'  backlog=0  ack_ms=4
[18:33:53.409]  WEBHOOK_ARRIVED                   sid='802233327'  text='Hi'
[18:33:53.411]  SESSION_REDIS_MISS                load_ms=0
[18:33:53.412]  LOCK_BUSY                         
[18:35:18.552]  WEBHOOK_ARRIVED                   sid='802316653'  text='Hi'
[18:35:18.554]  SESSION_REDIS_MISS                load_ms=0
[18:35:19.131]  SESSION_DB_MISS                   load_ms=576
[18:35:19.132]  LOCK_ACQUIRED                     
[18:35:19.132]  TURN_QUEUED                       sid='802316653'  state='INIT'  backlog=0  ack_ms=579
[18:41:52.528]  WEBHOOK_ARRIVED                   sid='802710789'  text='Hi'
[18:41:52.530]  SESSION_REDIS_MISS                load_ms=0
[18:41:53.135]  SESSION_DB_MISS                   load_ms=604
[18:41:53.136]  LOCK_ACQUIRED                     
[18:41:53.136]  TURN_QUEUED                       sid='802710789'  state='INIT'  backlog=0  ack_ms=608
[18:48:42.209]  WEBHOOK_ARRIVED                   sid='803120179'  text='Hi'
[18:48:42.212]  SESSION_REDIS_MISS                load_ms=0
[18:48:42.925]  SESSION_DB_MISS                   load_ms=713
[18:48:42.925]  LOCK_ACQUIRED                     
[18:48:42.926]  TURN_QUEUED                       sid='803120179'  state='INIT'  backlog=0  ack_ms=716
[22:39:09.247]  WEBHOOK_ARRIVED                   sid='816949114'  text='Hi'
[22:39:09.252]  SESSION_REDIS_MISS                load_ms=1
[22:39:09.257]  LOCK_ACQUIRED                     
[22:39:09.257]  TURN_QUEUED                       sid='816949114'  state='INIT'  backlog=0  ack_ms=10
[22:40:24.568]  WEBHOOK_ARRIVED                   sid='817022845'  text='Hi'
[22:40:24.574]  SESSION_REDIS_MISS                load_ms=0
[22:40:24.894]  SESSION_DB_MISS                   load_ms=320
[22:40:24.896]  LOCK_ACQUIRED                     
[22:40:24.896]  TURN_QUEUED                       sid='817022845'  state='INIT'  backlog=0  ack_ms=324
[23:02:30.165]  WEBHOOK_ARRIVED                   sid='818350095'  text='Hi'
[23:02:30.170]  SESSION_REDIS_MISS                load_ms=0
[23:02:30.172]  LOCK_ACQUIRED                     
[23:02:30.172]  TURN_QUEUED                       sid='818350095'  state='INIT'  backlog=0  ack_ms=4
[23:03:01.242]  WEBHOOK_ARRIVED                   sid='818379858'  text='Hi'
[23:03:01.249]  SESSION_REDIS_MISS                load_ms=1
[23:03:01.604]  SESSION_DB_MISS                   load_ms=354
[23:03:01.606]  LOCK_BUSY                         
